POST Data: Array
(
)

FILES Data: Array
(
)

POST Data: Array
(
)

FILES Data: Array
(
)

POST Data: Array
(
)

FILES Data: Array
(
)

POST Data: Array
(
    [sekolah_id] => 138bb762-cbca-4379-b55a-a2a11ddd7d64
)

FILES Data: Array
(
    [file] => Array
        (
            [name] => data_siswa.csv
            [full_path] => data_siswa.csv
            [type] => text/csv
            [tmp_name] => C:\xampp\tmp\phpED76.tmp
            [error] => 0
            [size] => 252
        )

)

Starting import for data_siswa.csv at 2026-04-20 07:54:45
First line: ;;;;;;;

POST Data: Array
(
    [sekolah_id] => 138bb762-cbca-4379-b55a-a2a11ddd7d64
)

FILES Data: Array
(
    [file] => Array
        (
            [name] => data_siswa.csv
            [full_path] => data_siswa.csv
            [type] => text/csv
            [tmp_name] => C:\xampp\tmp\php3366.tmp
            [error] => 0
            [size] => 361
        )

)

Starting import for data_siswa.csv at 2026-04-20 10:01:45
First line: ;;;;;;;

Duplicate: NIS
Duplicate: 2026001
Duplicate: 2026002
Duplicate: 2026003
